#
# There is insufficient memory for the Java Runtime Environment to continue.
# Native memory allocation (malloc) failed to allocate 2018416 bytes for Chunk::new
# Possible reasons:
#   The system is out of physical RAM or swap space
#   The process is running with CompressedOops enabled, and the Java Heap may be blocking the growth of the native heap
# Possible solutions:
#   Reduce memory load on the system
#   Increase physical memory or swap space
#   Check if swap backing store is full
#   Decrease Java heap size (-Xmx/-Xms)
#   Decrease number of Java threads
#   Decrease Java thread stack sizes (-Xss)
#   Set larger code cache with -XX:ReservedCodeCacheSize=
#   JVM is running with Unscaled Compressed Oops mode in which the Java heap is
#     placed in the first 4GB address space. The Java Heap base address is the
#     maximum limit for the native heap growth. Please use -XX:HeapBaseMinAddress
#     to set the Java Heap base and to place the Java Heap above 4GB virtual address.
# This output file may be truncated or incomplete.
#
#  Out of Memory Error (arena.cpp:189), pid=31880, tid=18360
#
# JRE version: OpenJDK Runtime Environment (17.0+35) (build 17+35-2724)
# Java VM: OpenJDK 64-Bit Server VM (17+35-2724, mixed mode, sharing, tiered, compressed oops, compressed class ptrs, g1 gc, windows-amd64)
# No core dump will be written. Minidumps are not enabled by default on client versions of Windows
#

---------------  S U M M A R Y ------------

Command Line: --add-opens=java.base/java.util=ALL-UNNAMED --add-opens=java.base/java.lang=ALL-UNNAMED --add-opens=java.base/java.lang.invoke=ALL-UNNAMED --add-opens=java.prefs/java.util.prefs=ALL-UNNAMED --add-exports=jdk.compiler/com.sun.tools.javac.api=ALL-UNNAMED --add-exports=jdk.compiler/com.sun.tools.javac.util=ALL-UNNAMED --add-opens=java.base/java.nio.charset=ALL-UNNAMED --add-opens=java.base/java.net=ALL-UNNAMED --add-opens=java.base/java.util.concurrent.atomic=ALL-UNNAMED -Xmx2048m -Dfile.encoding=UTF-8 -Duser.country=IE -Duser.language=en -Duser.variant -javaagent:C:\Users\Larina Yu\.gradle\wrapper\dists\gradle-8.9-bin\90cnw93cvbtalezasaz0blq0a\gradle-8.9\lib\agents\gradle-instrumentation-agent-8.9.jar org.gradle.launcher.daemon.bootstrap.GradleDaemon 8.9

Host: Intel(R) Core(TM) Ultra 5 125U, 14 cores, 15G,  Windows 10 , 64 bit Build 26100 (10.0.26100.6725)
Time: Sat Nov  8 22:02:33 2025 GMT Standard Time elapsed time: 14.616641 seconds (0d 0h 0m 14s)

---------------  T H R E A D  ---------------

Current thread (0x0000020ea587a630):  JavaThread "C2 CompilerThread0" daemon [_thread_in_native, id=18360, stack(0x000000c238700000,0x000000c238800000)]


Current CompileTask:
C2:  14616 2202       4       jdk.internal.org.objectweb.asm.Frame::execute (2305 bytes)

Stack: [0x000000c238700000,0x000000c238800000]
Native frames: (J=compiled Java code, j=interpreted, Vv=VM code, C=native code)
V  [jvm.dll+0x66f8ea]
V  [jvm.dll+0x7ce224]
V  [jvm.dll+0x7cf9ce]
V  [jvm.dll+0x7d0033]
V  [jvm.dll+0x242bb5]
V  [jvm.dll+0xaa05b]
V  [jvm.dll+0xaa5ec]
V  [jvm.dll+0x35f9a2]
V  [jvm.dll+0x329f61]
V  [jvm.dll+0x32940a]
V  [jvm.dll+0x215ca1]
V  [jvm.dll+0x2150c1]
V  [jvm.dll+0x1a168d]
V  [jvm.dll+0x2248f8]
V  [jvm.dll+0x222a5c]
V  [jvm.dll+0x78422b]
V  [jvm.dll+0x77e7ea]
V  [jvm.dll+0x66e715]
C  [ucrtbase.dll+0x37b0]
C  [KERNEL32.DLL+0x2e8d7]
C  [ntdll.dll+0x8c53c]


---------------  P R O C E S S  ---------------

Threads class SMR info:
_java_thread_list=0x0000020ea80a1120, length=22, elements={
0x0000020e87080270, 0x0000020ea5862550, 0x0000020ea5863010, 0x0000020ea5871de0,
0x0000020ea58768b0, 0x0000020ea5879180, 0x0000020ea5879a40, 0x0000020ea587a630,
0x0000020ea587af30, 0x0000020ea587b830, 0x0000020ea64f4db0, 0x0000020ea65a3140,
0x0000020ea7d06e20, 0x0000020ea7e9ea30, 0x0000020ea8069a90, 0x0000020ea80cd1a0,
0x0000020ea8083f50, 0x0000020ea7ec7180, 0x0000020ea7ec6cb0, 0x0000020ea7ec84c0,
0x0000020ea7ec7b20, 0x0000020ea7ec7650
}

Java Threads: ( => current thread )
  0x0000020e87080270 JavaThread "main" [_thread_blocked, id=32204, stack(0x000000c237a00000,0x000000c237b00000)]
  0x0000020ea5862550 JavaThread "Reference Handler" daemon [_thread_blocked, id=33480, stack(0x000000c238100000,0x000000c238200000)]
  0x0000020ea5863010 JavaThread "Finalizer" daemon [_thread_blocked, id=20456, stack(0x000000c238200000,0x000000c238300000)]
  0x0000020ea5871de0 JavaThread "Signal Dispatcher" daemon [_thread_blocked, id=19460, stack(0x000000c238300000,0x000000c238400000)]
  0x0000020ea58768b0 JavaThread "Attach Listener" daemon [_thread_blocked, id=27804, stack(0x000000c238400000,0x000000c238500000)]
  0x0000020ea5879180 JavaThread "Service Thread" daemon [_thread_blocked, id=18732, stack(0x000000c238500000,0x000000c238600000)]
  0x0000020ea5879a40 JavaThread "Monitor Deflation Thread" daemon [_thread_blocked, id=22240, stack(0x000000c238600000,0x000000c238700000)]
=>0x0000020ea587a630 JavaThread "C2 CompilerThread0" daemon [_thread_in_native, id=18360, stack(0x000000c238700000,0x000000c238800000)]
  0x0000020ea587af30 JavaThread "C1 CompilerThread0" daemon [_thread_blocked, id=29752, stack(0x000000c238800000,0x000000c238900000)]
  0x0000020ea587b830 JavaThread "Sweeper thread" daemon [_thread_blocked, id=3580, stack(0x000000c238900000,0x000000c238a00000)]
  0x0000020ea64f4db0 JavaThread "Common-Cleaner" daemon [_thread_blocked, id=33900, stack(0x000000c238a00000,0x000000c238b00000)]
  0x0000020ea65a3140 JavaThread "Notification Thread" daemon [_thread_blocked, id=11440, stack(0x000000c238b00000,0x000000c238c00000)]
  0x0000020ea7d06e20 JavaThread "Daemon health stats" [_thread_blocked, id=5760, stack(0x000000c239200000,0x000000c239300000)]
  0x0000020ea7e9ea30 JavaThread "Incoming local TCP Connector on port 51503" [_thread_in_native, id=21792, stack(0x000000c239300000,0x000000c239400000)]
  0x0000020ea8069a90 JavaThread "Daemon periodic checks" [_thread_blocked, id=23288, stack(0x000000c239400000,0x000000c239500000)]
  0x0000020ea80cd1a0 JavaThread "Daemon" [_thread_blocked, id=31500, stack(0x000000c239500000,0x000000c239600000)]
  0x0000020ea8083f50 JavaThread "Handler for socket connection from /127.0.0.1:51503 to /127.0.0.1:51504" [_thread_in_native, id=30888, stack(0x000000c239600000,0x000000c239700000)]
  0x0000020ea7ec7180 JavaThread "Cancel handler" [_thread_blocked, id=18316, stack(0x000000c239700000,0x000000c239800000)]
  0x0000020ea7ec6cb0 JavaThread "Daemon worker" [_thread_in_native, id=36400, stack(0x000000c239800000,0x000000c239900000)]
  0x0000020ea7ec84c0 JavaThread "Asynchronous log dispatcher for DefaultDaemonConnection: socket connection from /127.0.0.1:51503 to /127.0.0.1:51504" [_thread_blocked, id=10296, stack(0x000000c239900000,0x000000c239a00000)]
  0x0000020ea7ec7b20 JavaThread "Stdin handler" [_thread_blocked, id=21800, stack(0x000000c239a00000,0x000000c239b00000)]
  0x0000020ea7ec7650 JavaThread "Daemon client event forwarder" [_thread_blocked, id=13824, stack(0x000000c239b00000,0x000000c239c00000)]

Other Threads:
  0x0000020ea585bff0 VMThread "VM Thread" [stack: 0x000000c238000000,0x000000c238100000] [id=8824]
  0x0000020e870e51c0 WatcherThread [stack: 0x000000c238c00000,0x000000c238d00000] [id=16960]
  0x0000020e870c42d0 GCTaskThread "GC Thread#0" [stack: 0x000000c237b00000,0x000000c237c00000] [id=20912]
  0x0000020ea66d6230 GCTaskThread "GC Thread#1" [stack: 0x000000c238d00000,0x000000c238e00000] [id=33316]
  0x0000020ea69519d0 GCTaskThread "GC Thread#2" [stack: 0x000000c238e00000,0x000000c238f00000] [id=27576]
  0x0000020ea6951c80 GCTaskThread "GC Thread#3" [stack: 0x000000c238f00000,0x000000c239000000] [id=31212]
  0x0000020ea6951f30 GCTaskThread "GC Thread#4" [stack: 0x000000c239000000,0x000000c239100000] [id=36640]
  0x0000020ea69521e0 GCTaskThread "GC Thread#5" [stack: 0x000000c239100000,0x000000c239200000] [id=28924]
  0x0000020e870d5120 ConcurrentGCThread "G1 Main Marker" [stack: 0x000000c237c00000,0x000000c237d00000] [id=5872]
  0x0000020e870d6710 ConcurrentGCThread "G1 Conc#0" [stack: 0x000000c237d00000,0x000000c237e00000] [id=13804]
  0x0000020e8714ea00 ConcurrentGCThread "G1 Refine#0" [stack: 0x000000c237e00000,0x000000c237f00000] [id=36008]
  0x0000020ea5709590 ConcurrentGCThread "G1 Service" [stack: 0x000000c237f00000,0x000000c238000000] [id=30152]

Threads with active compile tasks:
C2 CompilerThread0    14694 2202       4       jdk.internal.org.objectweb.asm.Frame::execute (2305 bytes)

VM state: not at safepoint (normal execution)

VM Mutex/Monitor currently owned by a thread: None

Heap address: 0x0000000080000000, size: 2048 MB, Compressed Oops mode: 32-bit

CDS archive(s) mapped at: [0x0000000800000000-0x0000000800bc0000-0x0000000800bc0000), size 12320768, SharedBaseAddress: 0x0000000800000000, ArchiveRelocationMode: 0.
Compressed class space mapped at: 0x0000000800c00000-0x0000000840c00000, reserved size: 1073741824
Narrow klass base: 0x0000000800000000, Narrow klass shift: 0, Narrow klass range: 0x100000000

GC Precious Log:
 CPUs: 14 total, 14 available
 Memory: 15883M
 Large Page Support: Disabled
 NUMA Support: Disabled
 Compressed Oops: Enabled (32-bit)
 Heap Region Size: 1M
 Heap Min Capacity: 8M
 Heap Initial Capacity: 250M
 Heap Max Capacity: 2G
 Pre-touch: Disabled
 Parallel Workers: 11
 Concurrent Workers: 3
 Concurrent Refinement Workers: 11
 Periodic GC: Disabled

Heap:
 garbage-first heap   total 256000K, used 65202K [0x0000000080000000, 0x0000000100000000)
  region size 1024K, 55 young (56320K), 7 survivors (7168K)
 Metaspace       used 13502K, committed 13760K, reserved 1064960K
  class space    used 1844K, committed 1984K, reserved 1048576K

Heap Regions: E=young(eden), S=young(survivor), O=old, HS=humongous(starts), HC=humongous(continues), CS=collection set, F=free, OA=open archive, CA=closed archive, TAMS=top-at-mark-start (previous, next)
|   0|0x0000000080000000, 0x0000000080100000, 0x0000000080100000|100%| O|  |TAMS 0x0000000080000000, 0x0000000080000000| Untracked 
|   1|0x0000000080100000, 0x0000000080200000, 0x0000000080200000|100%| O|  |TAMS 0x0000000080100000, 0x0000000080100000| Untracked 
|   2|0x0000000080200000, 0x0000000080300000, 0x0000000080300000|100%|HS|  |TAMS 0x0000000080200000, 0x0000000080200000| Complete 
|   3|0x0000000080300000, 0x0000000080400000, 0x0000000080400000|100%|HC|  |TAMS 0x0000000080300000, 0x0000000080300000| Complete 
|   4|0x0000000080400000, 0x0000000080500000, 0x0000000080500000|100%|HC|  |TAMS 0x0000000080400000, 0x0000000080400000| Complete 
|   5|0x0000000080500000, 0x0000000080600000, 0x0000000080600000|100%|HC|  |TAMS 0x0000000080500000, 0x0000000080500000| Complete 
|   6|0x0000000080600000, 0x0000000080700000, 0x0000000080700000|100%| O|  |TAMS 0x0000000080600000, 0x0000000080600000| Untracked 
|   7|0x0000000080700000, 0x0000000080800000, 0x0000000080800000|100%| O|  |TAMS 0x0000000080700000, 0x0000000080700000| Untracked 
|   8|0x0000000080800000, 0x00000000808ac800, 0x0000000080900000| 67%| O|  |TAMS 0x0000000080800000, 0x0000000080800000| Untracked 
|   9|0x0000000080900000, 0x0000000080a00000, 0x0000000080a00000|100%|HS|  |TAMS 0x0000000080900000, 0x0000000080900000| Complete 
|  10|0x0000000080a00000, 0x0000000080a00000, 0x0000000080b00000|  0%| F|  |TAMS 0x0000000080a00000, 0x0000000080a00000| Untracked 
|  11|0x0000000080b00000, 0x0000000080b00000, 0x0000000080c00000|  0%| F|  |TAMS 0x0000000080b00000, 0x0000000080b00000| Untracked 
|  12|0x0000000080c00000, 0x0000000080c00000, 0x0000000080d00000|  0%| F|  |TAMS 0x0000000080c00000, 0x0000000080c00000| Untracked 
|  13|0x0000000080d00000, 0x0000000080d00000, 0x0000000080e00000|  0%| F|  |TAMS 0x0000000080d00000, 0x0000000080d00000| Untracked 
|  14|0x0000000080e00000, 0x0000000080e00000, 0x0000000080f00000|  0%| F|  |TAMS 0x0000000080e00000, 0x0000000080e00000| Untracked 
|  15|0x0000000080f00000, 0x0000000080f00000, 0x0000000081000000|  0%| F|  |TAMS 0x0000000080f00000, 0x0000000080f00000| Untracked 
|  16|0x0000000081000000, 0x0000000081000000, 0x0000000081100000|  0%| F|  |TAMS 0x0000000081000000, 0x0000000081000000| Untracked 
|  17|0x0000000081100000, 0x0000000081100000, 0x0000000081200000|  0%| F|  |TAMS 0x0000000081100000, 0x0000000081100000| Untracked 
|  18|0x0000000081200000, 0x0000000081200000, 0x0000000081300000|  0%| F|  |TAMS 0x0000000081200000, 0x0000000081200000| Untracked 
|  19|0x0000000081300000, 0x0000000081300000, 0x0000000081400000|  0%| F|  |TAMS 0x0000000081300000, 0x0000000081300000| Untracked 
|  20|0x0000000081400000, 0x0000000081400000, 0x0000000081500000|  0%| F|  |TAMS 0x0000000081400000, 0x0000000081400000| Untracked 
|  21|0x0000000081500000, 0x0000000081500000, 0x0000000081600000|  0%| F|  |TAMS 0x0000000081500000, 0x0000000081500000| Untracked 
|  22|0x0000000081600000, 0x0000000081600000, 0x0000000081700000|  0%| F|  |TAMS 0x0000000081600000, 0x0000000081600000| Untracked 
|  23|0x0000000081700000, 0x0000000081700000, 0x0000000081800000|  0%| F|  |TAMS 0x0000000081700000, 0x0000000081700000| Untracked 
|  24|0x0000000081800000, 0x0000000081800000, 0x0000000081900000|  0%| F|  |TAMS 0x0000000081800000, 0x0000000081800000| Untracked 
|  25|0x0000000081900000, 0x0000000081900000, 0x0000000081a00000|  0%| F|  |TAMS 0x0000000081900000, 0x0000000081900000| Untracked 
|  26|0x0000000081a00000, 0x0000000081a00000, 0x0000000081b00000|  0%| F|  |TAMS 0x0000000081a00000, 0x0000000081a00000| Untracked 
|  27|0x0000000081b00000, 0x0000000081b00000, 0x0000000081c00000|  0%| F|  |TAMS 0x0000000081b00000, 0x0000000081b00000| Untracked 
|  28|0x0000000081c00000, 0x0000000081c00000, 0x0000000081d00000|  0%| F|  |TAMS 0x0000000081c00000, 0x0000000081c00000| Untracked 
|  29|0x0000000081d00000, 0x0000000081d00000, 0x0000000081e00000|  0%| F|  |TAMS 0x0000000081d00000, 0x0000000081d00000| Untracked 
|  30|0x0000000081e00000, 0x0000000081e00000, 0x0000000081f00000|  0%| F|  |TAMS 0x0000000081e00000, 0x0000000081e00000| Untracked 
|  31|0x0000000081f00000, 0x0000000081f00000, 0x0000000082000000|  0%| F|  |TAMS 0x0000000081f00000, 0x0000000081f00000| Untracked 
|  32|0x0000000082000000, 0x0000000082000000, 0x0000000082100000|  0%| F|  |TAMS 0x0000000082000000, 0x0000000082000000| Untracked 
|  33|0x0000000082100000, 0x0000000082100000, 0x0000000082200000|  0%| F|  |TAMS 0x0000000082100000, 0x0000000082100000| Untracked 
|  34|0x0000000082200000, 0x0000000082200000, 0x0000000082300000|  0%| F|  |TAMS 0x0000000082200000, 0x0000000082200000| Untracked 
|  35|0x0000000082300000, 0x0000000082300000, 0x0000000082400000|  0%| F|  |TAMS 0x0000000082300000, 0x0000000082300000| Untracked 
|  36|0x0000000082400000, 0x0000000082400000, 0x0000000082500000|  0%| F|  |TAMS 0x0000000082400000, 0x0000000082400000| Untracked 
|  37|0x0000000082500000, 0x0000000082500000, 0x0000000082600000|  0%| F|  |TAMS 0x0000000082500000, 0x0000000082500000| Untracked 
|  38|0x0000000082600000, 0x0000000082600000, 0x0000000082700000|  0%| F|  |TAMS 0x0000000082600000, 0x0000000082600000| Untracked 
|  39|0x0000000082700000, 0x0000000082700000, 0x0000000082800000|  0%| F|  |TAMS 0x0000000082700000, 0x0000000082700000| Untracked 
|  40|0x0000000082800000, 0x0000000082800000, 0x0000000082900000|  0%| F|  |TAMS 0x0000000082800000, 0x0000000082800000| Untracked 
|  41|0x0000000082900000, 0x0000000082900000, 0x0000000082a00000|  0%| F|  |TAMS 0x0000000082900000, 0x0000000082900000| Untracked 
|  42|0x0000000082a00000, 0x0000000082a00000, 0x0000000082b00000|  0%| F|  |TAMS 0x0000000082a00000, 0x0000000082a00000| Untracked 
|  43|0x0000000082b00000, 0x0000000082b00000, 0x0000000082c00000|  0%| F|  |TAMS 0x0000000082b00000, 0x0000000082b00000| Untracked 
|  44|0x0000000082c00000, 0x0000000082c00000, 0x0000000082d00000|  0%| F|  |TAMS 0x0000000082c00000, 0x0000000082c00000| Untracked 
|  45|0x0000000082d00000, 0x0000000082d00000, 0x0000000082e00000|  0%| F|  |TAMS 0x0000000082d00000, 0x0000000082d00000| Untracked 
|  46|0x0000000082e00000, 0x0000000082e00000, 0x0000000082f00000|  0%| F|  |TAMS 0x0000000082e00000, 0x0000000082e00000| Untracked 
|  47|0x0000000082f00000, 0x0000000082f00000, 0x0000000083000000|  0%| F|  |TAMS 0x0000000082f00000, 0x0000000082f00000| Untracked 
|  48|0x0000000083000000, 0x0000000083000000, 0x0000000083100000|  0%| F|  |TAMS 0x0000000083000000, 0x0000000083000000| Untracked 
|  49|0x0000000083100000, 0x0000000083100000, 0x0000000083200000|  0%| F|  |TAMS 0x0000000083100000, 0x0000000083100000| Untracked 
|  50|0x0000000083200000, 0x0000000083200000, 0x0000000083300000|  0%| F|  |TAMS 0x0000000083200000, 0x0000000083200000| Untracked 
|  51|0x0000000083300000, 0x0000000083300000, 0x0000000083400000|  0%| F|  |TAMS 0x0000000083300000, 0x0000000083300000| Untracked 
|  52|0x0000000083400000, 0x0000000083400000, 0x0000000083500000|  0%| F|  |TAMS 0x0000000083400000, 0x0000000083400000| Untracked 
|  53|0x0000000083500000, 0x0000000083500000, 0x0000000083600000|  0%| F|  |TAMS 0x0000000083500000, 0x0000000083500000| Untracked 
|  54|0x0000000083600000, 0x0000000083600000, 0x0000000083700000|  0%| F|  |TAMS 0x0000000083600000, 0x0000000083600000| Untracked 
|  55|0x0000000083700000, 0x0000000083700000, 0x0000000083800000|  0%| F|  |TAMS 0x0000000083700000, 0x0000000083700000| Untracked 
|  56|0x0000000083800000, 0x0000000083800000, 0x0000000083900000|  0%| F|  |TAMS 0x0000000083800000, 0x0000000083800000| Untracked 
|  57|0x0000000083900000, 0x0000000083900000, 0x0000000083a00000|  0%| F|  |TAMS 0x0000000083900000, 0x0000000083900000| Untracked 
|  58|0x0000000083a00000, 0x0000000083a00000, 0x0000000083b00000|  0%| F|  |TAMS 0x0000000083a00000, 0x0000000083a00000| Untracked 
|  59|0x0000000083b00000, 0x0000000083b00000, 0x0000000083c00000|  0%| F|  |TAMS 0x0000000083b00000, 0x0000000083b00000| Untracked 
|  60|0x0000000083c00000, 0x0000000083c00000, 0x0000000083d00000|  0%| F|  |TAMS 0x0000000083c00000, 0x0000000083c00000| Untracked 
|  61|0x0000000083d00000, 0x0000000083d00000, 0x0000000083e00000|  0%| F|  |TAMS 0x0000000083d00000, 0x0000000083d00000| Untracked 
|  62|0x0000000083e00000, 0x0000000083e00000, 0x0000000083f00000|  0%| F|  |TAMS 0x0000000083e00000, 0x0000000083e00000| Untracked 
|  63|0x0000000083f00000, 0x0000000083f00000, 0x0000000084000000|  0%| F|  |TAMS 0x0000000083f00000, 0x0000000083f00000| Untracked 
|  64|0x0000000084000000, 0x0000000084000000, 0x0000000084100000|  0%| F|  |TAMS 0x0000000084000000, 0x0000000084000000| Untracked 
|  65|0x0000000084100000, 0x0000000084100000, 0x0000000084200000|  0%| F|  |TAMS 0x0000000084100000, 0x0000000084100000| Untracked 
|  66|0x0000000084200000, 0x0000000084200000, 0x0000000084300000|  0%| F|  |TAMS 0x0000000084200000, 0x0000000084200000| Untracked 
|  67|0x0000000084300000, 0x0000000084300000, 0x0000000084400000|  0%| F|  |TAMS 0x0000000084300000, 0x0000000084300000| Untracked 
|  68|0x0000000084400000, 0x0000000084400000, 0x0000000084500000|  0%| F|  |TAMS 0x0000000084400000, 0x0000000084400000| Untracked 
|  69|0x0000000084500000, 0x0000000084500000, 0x0000000084600000|  0%| F|  |TAMS 0x0000000084500000, 0x0000000084500000| Untracked 
|  70|0x0000000084600000, 0x0000000084600000, 0x0000000084700000|  0%| F|  |TAMS 0x0000000084600000, 0x0000000084600000| Untracked 
|  71|0x0000000084700000, 0x0000000084700000, 0x0000000084800000|  0%| F|  |TAMS 0x0000000084700000, 0x0000000084700000| Untracked 
|  72|0x0000000084800000, 0x0000000084800000, 0x0000000084900000|  0%| F|  |TAMS 0x0000000084800000, 0x0000000084800000| Untracked 
|  73|0x0000000084900000, 0x0000000084900000, 0x0000000084a00000|  0%| F|  |TAMS 0x0000000084900000, 0x0000000084900000| Untracked 
|  74|0x0000000084a00000, 0x0000000084a00000, 0x0000000084b00000|  0%| F|  |TAMS 0x0000000084a00000, 0x0000000084a00000| Untracked 
|  75|0x0000000084b00000, 0x0000000084b00000, 0x0000000084c00000|  0%| F|  |TAMS 0x0000000084b00000, 0x0000000084b00000| Untracked 
|  76|0x0000000084c00000, 0x0000000084c00000, 0x0000000084d00000|  0%| F|  |TAMS 0x0000000084c00000, 0x0000000084c00000| Untracked 
|  77|0x0000000084d00000, 0x0000000084d00000, 0x0000000084e00000|  0%| F|  |TAMS 0x0000000084d00000, 0x0000000084d00000| Untracked 
|  78|0x0000000084e00000, 0x0000000084e00000, 0x0000000084f00000|  0%| F|  |TAMS 0x0000000084e00000, 0x0000000084e00000| Untracked 
|  79|0x0000000084f00000, 0x0000000084f00000, 0x0000000085000000|  0%| F|  |TAMS 0x0000000084f00000, 0x0000000084f00000| Untracked 
|  80|0x0000000085000000, 0x0000000085000000, 0x0000000085100000|  0%| F|  |TAMS 0x0000000085000000, 0x0000000085000000| Untracked 
|  81|0x0000000085100000, 0x0000000085100000, 0x0000000085200000|  0%| F|  |TAMS 0x0000000085100000, 0x0000000085100000| Untracked 
|  82|0x0000000085200000, 0x0000000085200000, 0x0000000085300000|  0%| F|  |TAMS 0x0000000085200000, 0x0000000085200000| Untracked 
|  83|0x0000000085300000, 0x0000000085300000, 0x0000000085400000|  0%| F|  |TAMS 0x0000000085300000, 0x0000000085300000| Untracked 
|  84|0x0000000085400000, 0x0000000085400000, 0x0000000085500000|  0%| F|  |TAMS 0x0000000085400000, 0x0000000085400000| Untracked 
|  85|0x0000000085500000, 0x0000000085500000, 0x0000000085600000|  0%| F|  |TAMS 0x0000000085500000, 0x0000000085500000| Untracked 
|  86|0x0000000085600000, 0x0000000085600000, 0x0000000085700000|  0%| F|  |TAMS 0x0000000085600000, 0x0000000085600000| Untracked 
|  87|0x0000000085700000, 0x0000000085700000, 0x0000000085800000|  0%| F|  |TAMS 0x0000000085700000, 0x0000000085700000| Untracked 
|  88|0x0000000085800000, 0x0000000085800000, 0x0000000085900000|  0%| F|  |TAMS 0x0000000085800000, 0x0000000085800000| Untracked 
|  89|0x0000000085900000, 0x0000000085900000, 0x0000000085a00000|  0%| F|  |TAMS 0x0000000085900000, 0x0000000085900000| Untracked 
|  90|0x0000000085a00000, 0x0000000085a00000, 0x0000000085b00000|  0%| F|  |TAMS 0x0000000085a00000, 0x0000000085a00000| Untracked 
|  91|0x0000000085b00000, 0x0000000085b00000, 0x0000000085c00000|  0%| F|  |TAMS 0x0000000085b00000, 0x0000000085b00000| Untracked 
|  92|0x0000000085c00000, 0x0000000085c00000, 0x0000000085d00000|  0%| F|  |TAMS 0x0000000085c00000, 0x0000000085c00000| Untracked 
|  93|0x0000000085d00000, 0x0000000085d00000, 0x0000000085e00000|  0%| F|  |TAMS 0x0000000085d00000, 0x0000000085d00000| Untracked 
|  94|0x0000000085e00000, 0x0000000085e00000, 0x0000000085f00000|  0%| F|  |TAMS 0x0000000085e00000, 0x0000000085e00000| Untracked 
|  95|0x0000000085f00000, 0x0000000085f00000, 0x0000000086000000|  0%| F|  |TAMS 0x0000000085f00000, 0x0000000085f00000| Untracked 
|  96|0x0000000086000000, 0x0000000086000000, 0x0000000086100000|  0%| F|  |TAMS 0x0000000086000000, 0x0000000086000000| Untracked 
|  97|0x0000000086100000, 0x0000000086100000, 0x0000000086200000|  0%| F|  |TAMS 0x0000000086100000, 0x0000000086100000| Untracked 
|  98|0x0000000086200000, 0x0000000086200000, 0x0000000086300000|  0%| F|  |TAMS 0x0000000086200000, 0x0000000086200000| Untracked 
|  99|0x0000000086300000, 0x0000000086300000, 0x0000000086400000|  0%| F|  |TAMS 0x0000000086300000, 0x0000000086300000| Untracked 
| 100|0x0000000086400000, 0x0000000086400000, 0x0000000086500000|  0%| F|  |TAMS 0x0000000086400000, 0x0000000086400000| Untracked 
| 101|0x0000000086500000, 0x0000000086500000, 0x0000000086600000|  0%| F|  |TAMS 0x0000000086500000, 0x0000000086500000| Untracked 
| 102|0x0000000086600000, 0x0000000086600000, 0x0000000086700000|  0%| F|  |TAMS 0x0000000086600000, 0x0000000086600000| Untracked 
| 103|0x0000000086700000, 0x0000000086700000, 0x0000000086800000|  0%| F|  |TAMS 0x0000000086700000, 0x0000000086700000| Untracked 
| 104|0x0000000086800000, 0x0000000086800000, 0x0000000086900000|  0%| F|  |TAMS 0x0000000086800000, 0x0000000086800000| Untracked 
| 105|0x0000000086900000, 0x0000000086900000, 0x0000000086a00000|  0%| F|  |TAMS 0x0000000086900000, 0x0000000086900000| Untracked 
| 106|0x0000000086a00000, 0x0000000086a00000, 0x0000000086b00000|  0%| F|  |TAMS 0x0000000086a00000, 0x0000000086a00000| Untracked 
| 107|0x0000000086b00000, 0x0000000086b00000, 0x0000000086c00000|  0%| F|  |TAMS 0x0000000086b00000, 0x0000000086b00000| Untracked 
| 108|0x0000000086c00000, 0x0000000086c00000, 0x0000000086d00000|  0%| F|  |TAMS 0x0000000086c00000, 0x0000000086c00000| Untracked 
| 109|0x0000000086d00000, 0x0000000086d00000, 0x0000000086e00000|  0%| F|  |TAMS 0x0000000086d00000, 0x0000000086d00000| Untracked 
| 110|0x0000000086e00000, 0x0000000086e00000, 0x0000000086f00000|  0%| F|  |TAMS 0x0000000086e00000, 0x0000000086e00000| Untracked 
| 111|0x0000000086f00000, 0x0000000086f00000, 0x0000000087000000|  0%| F|  |TAMS 0x0000000086f00000, 0x0000000086f00000| Untracked 
| 112|0x0000000087000000, 0x0000000087000000, 0x0000000087100000|  0%| F|  |TAMS 0x0000000087000000, 0x0000000087000000| Untracked 
| 113|0x0000000087100000, 0x0000000087100000, 0x0000000087200000|  0%| F|  |TAMS 0x0000000087100000, 0x0000000087100000| Untracked 
| 114|0x0000000087200000, 0x0000000087200000, 0x0000000087300000|  0%| F|  |TAMS 0x0000000087200000, 0x0000000087200000| Untracked 
| 115|0x0000000087300000, 0x0000000087300000, 0x0000000087400000|  0%| F|  |TAMS 0x0000000087300000, 0x0000000087300000| Untracked 
| 116|0x0000000087400000, 0x0000000087400000, 0x0000000087500000|  0%| F|  |TAMS 0x0000000087400000, 0x0000000087400000| Untracked 
| 117|0x0000000087500000, 0x0000000087500000, 0x0000000087600000|  0%| F|  |TAMS 0x0000000087500000, 0x0000000087500000| Untracked 
| 118|0x0000000087600000, 0x0000000087600000, 0x0000000087700000|  0%| F|  |TAMS 0x0000000087600000, 0x0000000087600000| Untracked 
| 119|0x0000000087700000, 0x0000000087700000, 0x0000000087800000|  0%| F|  |TAMS 0x0000000087700000, 0x0000000087700000| Untracked 
| 120|0x0000000087800000, 0x0000000087800000, 0x0000000087900000|  0%| F|  |TAMS 0x0000000087800000, 0x0000000087800000| Untracked 
| 121|0x0000000087900000, 0x0000000087900000, 0x0000000087a00000|  0%| F|  |TAMS 0x0000000087900000, 0x0000000087900000| Untracked 
| 122|0x0000000087a00000, 0x0000000087a00000, 0x0000000087b00000|  0%| F|  |TAMS 0x0000000087a00000, 0x0000000087a00000| Untracked 
| 123|0x0000000087b00000, 0x0000000087b00000, 0x0000000087c00000|  0%| F|  |TAMS 0x0000000087b00000, 0x0000000087b00000| Untracked 
| 124|0x0000000087c00000, 0x0000000087c00000, 0x0000000087d00000|  0%| F|  |TAMS 0x0000000087c00000, 0x0000000087c00000| Untracked 
| 125|0x0000000087d00000, 0x0000000087d00000, 0x0000000087e00000|  0%| F|  |TAMS 0x0000000087d00000, 0x0000000087d00000| Untracked 
| 126|0x0000000087e00000, 0x0000000087e00000, 0x0000000087f00000|  0%| F|  |TAMS 0x0000000087e00000, 0x0000000087e00000| Untracked 
| 127|0x0000000087f00000, 0x0000000087f00000, 0x0000000088000000|  0%| F|  |TAMS 0x0000000087f00000, 0x0000000087f00000| Untracked 
| 128|0x0000000088000000, 0x0000000088000000, 0x0000000088100000|  0%| F|  |TAMS 0x0000000088000000, 0x0000000088000000| Untracked 
| 129|0x0000000088100000, 0x0000000088100000, 0x0000000088200000|  0%| F|  |TAMS 0x0000000088100000, 0x0000000088100000| Untracked 
| 130|0x0000000088200000, 0x0000000088200000, 0x0000000088300000|  0%| F|  |TAMS 0x0000000088200000, 0x0000000088200000| Untracked 
| 131|0x0000000088300000, 0x0000000088300000, 0x0000000088400000|  0%| F|  |TAMS 0x0000000088300000, 0x0000000088300000| Untracked 
| 132|0x0000000088400000, 0x0000000088400000, 0x0000000088500000|  0%| F|  |TAMS 0x0000000088400000, 0x0000000088400000| Untracked 
| 133|0x0000000088500000, 0x0000000088500000, 0x0000000088600000|  0%| F|  |TAMS 0x0000000088500000, 0x0000000088500000| Untracked 
| 134|0x0000000088600000, 0x0000000088600000, 0x0000000088700000|  0%| F|  |TAMS 0x0000000088600000, 0x0000000088600000| Untracked 
| 135|0x0000000088700000, 0x0000000088700000, 0x0000000088800000|  0%| F|  |TAMS 0x0000000088700000, 0x0000000088700000| Untracked 
| 136|0x0000000088800000, 0x0000000088800000, 0x0000000088900000|  0%| F|  |TAMS 0x0000000088800000, 0x0000000088800000| Untracked 
| 137|0x0000000088900000, 0x0000000088900000, 0x0000000088a00000|  0%| F|  |TAMS 0x0000000088900000, 0x0000000088900000| Untracked 
| 138|0x0000000088a00000, 0x0000000088a00000, 0x0000000088b00000|  0%| F|  |TAMS 0x0000000088a00000, 0x0000000088a00000| Untracked 
| 139|0x0000000088b00000, 0x0000000088b00000, 0x0000000088c00000|  0%| F|  |TAMS 0x0000000088b00000, 0x0000000088b00000| Untracked 
| 140|0x0000000088c00000, 0x0000000088c00000, 0x0000000088d00000|  0%| F|  |TAMS 0x0000000088c00000, 0x0000000088c00000| Untracked 
| 141|0x0000000088d00000, 0x0000000088d00000, 0x0000000088e00000|  0%| F|  |TAMS 0x0000000088d00000, 0x0000000088d00000| Untracked 
| 142|0x0000000088e00000, 0x0000000088e00000, 0x0000000088f00000|  0%| F|  |TAMS 0x0000000088e00000, 0x0000000088e00000| Untracked 
| 143|0x0000000088f00000, 0x0000000088f00000, 0x0000000089000000|  0%| F|  |TAMS 0x0000000088f00000, 0x0000000088f00000| Untracked 
| 144|0x0000000089000000, 0x0000000089000000, 0x0000000089100000|  0%| F|  |TAMS 0x0000000089000000, 0x0000000089000000| Untracked 
| 145|0x0000000089100000, 0x0000000089100000, 0x0000000089200000|  0%| F|  |TAMS 0x0000000089100000, 0x0000000089100000| Untracked 
| 146|0x0000000089200000, 0x0000000089200000, 0x0000000089300000|  0%| F|  |TAMS 0x0000000089200000, 0x0000000089200000| Untracked 
| 147|0x0000000089300000, 0x0000000089300000, 0x0000000089400000|  0%| F|  |TAMS 0x0000000089300000, 0x0000000089300000| Untracked 
| 148|0x0000000089400000, 0x0000000089400000, 0x0000000089500000|  0%| F|  |TAMS 0x0000000089400000, 0x0000000089400000| Untracked 
| 149|0x0000000089500000, 0x0000000089500000, 0x0000000089600000|  0%| F|  |TAMS 0x0000000089500000, 0x0000000089500000| Untracked 
| 150|0x0000000089600000, 0x0000000089600000, 0x0000000089700000|  0%| F|  |TAMS 0x0000000089600000, 0x0000000089600000| Untracked 
| 151|0x0000000089700000, 0x0000000089700000, 0x0000000089800000|  0%| F|  |TAMS 0x0000000089700000, 0x0000000089700000| Untracked 
| 152|0x0000000089800000, 0x0000000089800000, 0x0000000089900000|  0%| F|  |TAMS 0x0000000089800000, 0x0000000089800000| Untracked 
| 153|0x0000000089900000, 0x0000000089900000, 0x0000000089a00000|  0%| F|  |TAMS 0x0000000089900000, 0x0000000089900000| Untracked 
| 154|0x0000000089a00000, 0x0000000089a00000, 0x0000000089b00000|  0%| F|  |TAMS 0x0000000089a00000, 0x0000000089a00000| Untracked 
| 155|0x0000000089b00000, 0x0000000089b00000, 0x0000000089c00000|  0%| F|  |TAMS 0x0000000089b00000, 0x0000000089b00000| Untracked 
| 156|0x0000000089c00000, 0x0000000089c00000, 0x0000000089d00000|  0%| F|  |TAMS 0x0000000089c00000, 0x0000000089c00000| Untracked 
| 157|0x0000000089d00000, 0x0000000089d00000, 0x0000000089e00000|  0%| F|  |TAMS 0x0000000089d00000, 0x0000000089d00000| Untracked 
| 158|0x0000000089e00000, 0x0000000089e00000, 0x0000000089f00000|  0%| F|  |TAMS 0x0000000089e00000, 0x0000000089e00000| Untracked 
| 159|0x0000000089f00000, 0x0000000089f00000, 0x000000008a000000|  0%| F|  |TAMS 0x0000000089f00000, 0x0000000089f00000| Untracked 
| 160|0x000000008a000000, 0x000000008a000000, 0x000000008a100000|  0%| F|  |TAMS 0x000000008a000000, 0x000000008a000000| Untracked 
| 161|0x000000008a100000, 0x000000008a100000, 0x000000008a200000|  0%| F|  |TAMS 0x000000008a100000, 0x000000008a100000| Untracked 
| 162|0x000000008a200000, 0x000000008a200000, 0x000000008a300000|  0%| F|  |TAMS 0x000000008a200000, 0x000000008a200000| Untracked 
| 163|0x000000008a300000, 0x000000008a300000, 0x000000008a400000|  0%| F|  |TAMS 0x000000008a300000, 0x000000008a300000| Untracked 
| 164|0x000000008a400000, 0x000000008a400000, 0x000000008a500000|  0%| F|  |TAMS 0x000000008a400000, 0x000000008a400000| Untracked 
| 165|0x000000008a500000, 0x000000008a500000, 0x000000008a600000|  0%| F|  |TAMS 0x000000008a500000, 0x000000008a500000| Untracked 
| 166|0x000000008a600000, 0x000000008a600000, 0x000000008a700000|  0%| F|  |TAMS 0x000000008a600000, 0x000000008a600000| Untracked 
| 167|0x000000008a700000, 0x000000008a700000, 0x000000008a800000|  0%| F|  |TAMS 0x000000008a700000, 0x000000008a700000| Untracked 
| 168|0x000000008a800000, 0x000000008a800000, 0x000000008a900000|  0%| F|  |TAMS 0x000000008a800000, 0x000000008a800000| Untracked 
| 169|0x000000008a900000, 0x000000008a900000, 0x000000008aa00000|  0%| F|  |TAMS 0x000000008a900000, 0x000000008a900000| Untracked 
| 170|0x000000008aa00000, 0x000000008aa00000, 0x000000008ab00000|  0%| F|  |TAMS 0x000000008aa00000, 0x000000008aa00000| Untracked 
| 171|0x000000008ab00000, 0x000000008ab00000, 0x000000008ac00000|  0%| F|  |TAMS 0x000000008ab00000, 0x000000008ab00000| Untracked 
| 172|0x000000008ac00000, 0x000000008ac00000, 0x000000008ad00000|  0%| F|  |TAMS 0x000000008ac00000, 0x000000008ac00000| Untracked 
| 173|0x000000008ad00000, 0x000000008ad00000, 0x000000008ae00000|  0%| F|  |TAMS 0x000000008ad00000, 0x000000008ad00000| Untracked 
| 174|0x000000008ae00000, 0x000000008ae00000, 0x000000008af00000|  0%| F|  |TAMS 0x000000008ae00000, 0x000000008ae00000| Untracked 
| 175|0x000000008af00000, 0x000000008af00000, 0x000000008b000000|  0%| F|  |TAMS 0x000000008af00000, 0x000000008af00000| Untracked 
| 176|0x000000008b000000, 0x000000008b000000, 0x000000008b100000|  0%| F|  |TAMS 0x000000008b000000, 0x000000008b000000| Untracked 
| 177|0x000000008b100000, 0x000000008b100000, 0x000000008b200000|  0%| F|  |TAMS 0x000000008b100000, 0x000000008b100000| Untracked 
| 178|0x000000008b200000, 0x000000008b200000, 0x000000008b300000|  0%| F|  |TAMS 0x000000008b200000, 0x000000008b200000| Untracked 
| 179|0x000000008b300000, 0x000000008b300000, 0x000000008b400000|  0%| F|  |TAMS 0x000000008b300000, 0x000000008b300000| Untracked 
| 180|0x000000008b400000, 0x000000008b400000, 0x000000008b500000|  0%| F|  |TAMS 0x000000008b400000, 0x000000008b400000| Untracked 
| 181|0x000000008b500000, 0x000000008b500000, 0x000000008b600000|  0%| F|  |TAMS 0x000000008b500000, 0x000000008b500000| Untracked 
| 182|0x000000008b600000, 0x000000008b600000, 0x000000008b700000|  0%| F|  |TAMS 0x000000008b600000, 0x000000008b600000| Untracked 
| 183|0x000000008b700000, 0x000000008b700000, 0x000000008b800000|  0%| F|  |TAMS 0x000000008b700000, 0x000000008b700000| Untracked 
| 184|0x000000008b800000, 0x000000008b800000, 0x000000008b900000|  0%| F|  |TAMS 0x000000008b800000, 0x000000008b800000| Untracked 
| 185|0x000000008b900000, 0x000000008b900000, 0x000000008ba00000|  0%| F|  |TAMS 0x000000008b900000, 0x000000008b900000| Untracked 
| 186|0x000000008ba00000, 0x000000008ba00000, 0x000000008bb00000|  0%| F|  |TAMS 0x000000008ba00000, 0x000000008ba00000| Untracked 
| 187|0x000000008bb00000, 0x000000008bb00000, 0x000000008bc00000|  0%| F|  |TAMS 0x000000008bb00000, 0x000000008bb00000| Untracked 
| 188|0x000000008bc00000, 0x000000008bc00000, 0x000000008bd00000|  0%| F|  |TAMS 0x000000008bc00000, 0x000000008bc00000| Untracked 
| 189|0x000000008bd00000, 0x000000008bd00000, 0x000000008be00000|  0%| F|  |TAMS 0x000000008bd00000, 0x000000008bd00000| Untracked 
| 190|0x000000008be00000, 0x000000008be00000, 0x000000008bf00000|  0%| F|  |TAMS 0x000000008be00000, 0x000000008be00000| Untracked 
| 191|0x000000008bf00000, 0x000000008bf00000, 0x000000008c000000|  0%| F|  |TAMS 0x000000008bf00000, 0x000000008bf00000| Untracked 
| 192|0x000000008c000000, 0x000000008c000000, 0x000000008c100000|  0%| F|  |TAMS 0x000000008c000000, 0x000000008c000000| Untracked 
| 193|0x000000008c100000, 0x000000008c200000, 0x000000008c200000|100%| S|CS|TAMS 0x000000008c100000, 0x000000008c100000| Complete 
| 194|0x000000008c200000, 0x000000008c300000, 0x000000008c300000|100%| S|CS|TAMS 0x000000008c200000, 0x000000008c200000| Complete 
| 195|0x000000008c300000, 0x000000008c400000, 0x000000008c400000|100%| S|CS|TAMS 0x000000008c300000, 0x000000008c300000| Complete 
| 196|0x000000008c400000, 0x000000008c500000, 0x000000008c500000|100%| S|CS|TAMS 0x000000008c400000, 0x000000008c400000| Complete 
| 197|0x000000008c500000, 0x000000008c600000, 0x000000008c600000|100%| S|CS|TAMS 0x000000008c500000, 0x000000008c500000| Complete 
| 198|0x000000008c600000, 0x000000008c700000, 0x000000008c700000|100%| S|CS|TAMS 0x000000008c600000, 0x000000008c600000| Complete 
| 199|0x000000008c700000, 0x000000008c800000, 0x000000008c800000|100%| S|CS|TAMS 0x000000008c700000, 0x000000008c700000| Complete 
| 200|0x000000008c800000, 0x000000008c800000, 0x000000008c900000|  0%| F|  |TAMS 0x000000008c800000, 0x000000008c800000| Untracked 
| 201|0x000000008c900000, 0x000000008c900000, 0x000000008ca00000|  0%| F|  |TAMS 0x000000008c900000, 0x000000008c900000| Untracked 
| 202|0x000000008ca00000, 0x000000008ca80800, 0x000000008cb00000| 50%| E|  |TAMS 0x000000008ca00000, 0x000000008ca00000| Complete 
| 203|0x000000008cb00000, 0x000000008cc00000, 0x000000008cc00000|100%| E|CS|TAMS 0x000000008cb00000, 0x000000008cb00000| Complete 
| 204|0x000000008cc00000, 0x000000008cd00000, 0x000000008cd00000|100%| E|CS|TAMS 0x000000008cc00000, 0x000000008cc00000| Complete 
| 205|0x000000008cd00000, 0x000000008ce00000, 0x000000008ce00000|100%| E|CS|TAMS 0x000000008cd00000, 0x000000008cd00000| Complete 
| 206|0x000000008ce00000, 0x000000008cf00000, 0x000000008cf00000|100%| E|CS|TAMS 0x000000008ce00000, 0x000000008ce00000| Complete 
| 207|0x000000008cf00000, 0x000000008d000000, 0x000000008d000000|100%| E|CS|TAMS 0x000000008cf00000, 0x000000008cf00000| Complete 
| 208|0x000000008d000000, 0x000000008d100000, 0x000000008d100000|100%| E|CS|TAMS 0x000000008d000000, 0x000000008d000000| Complete 
| 209|0x000000008d100000, 0x000000008d200000, 0x000000008d200000|100%| E|CS|TAMS 0x000000008d100000, 0x000000008d100000| Complete 
| 210|0x000000008d200000, 0x000000008d300000, 0x000000008d300000|100%| E|CS|TAMS 0x000000008d200000, 0x000000008d200000| Complete 
| 211|0x000000008d300000, 0x000000008d400000, 0x000000008d400000|100%| E|CS|TAMS 0x000000008d300000, 0x000000008d300000| Complete 
| 212|0x000000008d400000, 0x000000008d500000, 0x000000008d500000|100%| E|CS|TAMS 0x000000008d400000, 0x000000008d400000| Complete 
| 213|0x000000008d500000, 0x000000008d600000, 0x000000008d600000|100%| E|CS|TAMS 0x000000008d500000, 0x000000008d500000| Complete 
| 214|0x000000008d600000, 0x000000008d700000, 0x000000008d700000|100%| E|CS|TAMS 0x000000008d600000, 0x000000008d600000| Complete 
| 215|0x000000008d700000, 0x000000008d800000, 0x000000008d800000|100%| E|CS|TAMS 0x000000008d700000, 0x000000008d700000| Complete 
| 216|0x000000008d800000, 0x000000008d900000, 0x000000008d900000|100%| E|CS|TAMS 0x000000008d800000, 0x000000008d800000| Complete 
| 217|0x000000008d900000, 0x000000008da00000, 0x000000008da00000|100%| E|CS|TAMS 0x000000008d900000, 0x000000008d900000| Complete 
| 218|0x000000008da00000, 0x000000008db00000, 0x000000008db00000|100%| E|CS|TAMS 0x000000008da00000, 0x000000008da00000| Complete 
| 219|0x000000008db00000, 0x000000008dc00000, 0x000000008dc00000|100%| E|CS|TAMS 0x000000008db00000, 0x000000008db00000| Complete 
| 220|0x000000008dc00000, 0x000000008dd00000, 0x000000008dd00000|100%| E|CS|TAMS 0x000000008dc00000, 0x000000008dc00000| Complete 
| 221|0x000000008dd00000, 0x000000008de00000, 0x000000008de00000|100%| E|CS|TAMS 0x000000008dd00000, 0x000000008dd00000| Complete 
| 222|0x000000008de00000, 0x000000008df00000, 0x000000008df00000|100%| E|CS|TAMS 0x000000008de00000, 0x000000008de00000| Complete 
| 223|0x000000008df00000, 0x000000008e000000, 0x000000008e000000|100%| E|CS|TAMS 0x000000008df00000, 0x000000008df00000| Complete 
| 224|0x000000008e000000, 0x000000008e100000, 0x000000008e100000|100%| E|CS|TAMS 0x000000008e000000, 0x000000008e000000| Complete 
| 225|0x000000008e100000, 0x000000008e200000, 0x000000008e200000|100%| E|CS|TAMS 0x000000008e100000, 0x000000008e100000| Complete 
| 226|0x000000008e200000, 0x000000008e300000, 0x000000008e300000|100%| E|CS|TAMS 0x000000008e200000, 0x000000008e200000| Complete 
| 227|0x000000008e300000, 0x000000008e400000, 0x000000008e400000|100%| E|CS|TAMS 0x000000008e300000, 0x000000008e300000| Complete 
| 228|0x000000008e400000, 0x000000008e500000, 0x000000008e500000|100%| E|CS|TAMS 0x000000008e400000, 0x000000008e400000| Complete 
| 229|0x000000008e500000, 0x000000008e600000, 0x000000008e600000|100%| E|CS|TAMS 0x000000008e500000, 0x000000008e500000| Complete 
| 230|0x000000008e600000, 0x000000008e700000, 0x000000008e700000|100%| E|CS|TAMS 0x000000008e600000, 0x000000008e600000| Complete 
| 231|0x000000008e700000, 0x000000008e800000, 0x000000008e800000|100%| E|CS|TAMS 0x000000008e700000, 0x000000008e700000| Complete 
| 232|0x000000008e800000, 0x000000008e900000, 0x000000008e900000|100%| E|CS|TAMS 0x000000008e800000, 0x000000008e800000| Complete 
| 233|0x000000008e900000, 0x000000008ea00000, 0x000000008ea00000|100%| E|CS|TAMS 0x000000008e900000, 0x000000008e900000| Complete 
| 234|0x000000008ea00000, 0x000000008eb00000, 0x000000008eb00000|100%| E|CS|TAMS 0x000000008ea00000, 0x000000008ea00000| Complete 
| 235|0x000000008eb00000, 0x000000008ec00000, 0x000000008ec00000|100%| E|CS|TAMS 0x000000008eb00000, 0x000000008eb00000| Complete 
| 236|0x000000008ec00000, 0x000000008ed00000, 0x000000008ed00000|100%| E|CS|TAMS 0x000000008ec00000, 0x000000008ec00000| Complete 
| 237|0x000000008ed00000, 0x000000008ee00000, 0x000000008ee00000|100%| E|CS|TAMS 0x000000008ed00000, 0x000000008ed00000| Complete 
| 238|0x000000008ee00000, 0x000000008ef00000, 0x000000008ef00000|100%| E|CS|TAMS 0x000000008ee00000, 0x000000008ee00000| Complete 
| 239|0x000000008ef00000, 0x000000008f000000, 0x000000008f000000|100%| E|CS|TAMS 0x000000008ef00000, 0x000000008ef00000| Complete 
| 240|0x000000008f000000, 0x000000008f100000, 0x000000008f100000|100%| E|CS|TAMS 0x000000008f000000, 0x000000008f000000| Complete 
| 241|0x000000008f100000, 0x000000008f200000, 0x000000008f200000|100%| E|CS|TAMS 0x000000008f100000, 0x000000008f100000| Complete 
| 242|0x000000008f200000, 0x000000008f300000, 0x000000008f300000|100%| E|CS|TAMS 0x000000008f200000, 0x000000008f200000| Complete 
| 243|0x000000008f300000, 0x000000008f400000, 0x000000008f400000|100%| E|CS|TAMS 0x000000008f300000, 0x000000008f300000| Complete 
| 244|0x000000008f400000, 0x000000008f500000, 0x000000008f500000|100%| E|CS|TAMS 0x000000008f400000, 0x000000008f400000| Complete 
| 245|0x000000008f500000, 0x000000008f600000, 0x000000008f600000|100%| E|CS|TAMS 0x000000008f500000, 0x000000008f500000| Complete 
| 246|0x000000008f600000, 0x000000008f700000, 0x000000008f700000|100%| E|CS|TAMS 0x000000008f600000, 0x000000008f600000| Complete 
| 247|0x000000008f700000, 0x000000008f800000, 0x000000008f800000|100%| E|CS|TAMS 0x000000008f700000, 0x000000008f700000| Complete 
| 248|0x000000008f800000, 0x000000008f900000, 0x000000008f900000|100%| E|CS|TAMS 0x000000008f800000, 0x000000008f800000| Complete 
| 249|0x000000008f900000, 0x000000008fa00000, 0x000000008fa00000|100%| E|CS|TAMS 0x000000008f900000, 0x000000008f900000| Complete 

Card table byte_map: [0x0000020e9e2d0000,0x0000020e9e6d0000] _byte_map_base: 0x0000020e9ded0000

Marking Bits (Prev, Next): (CMBitMap*) 0x0000020e870c47f0, (CMBitMap*) 0x0000020e870c4830
 Prev Bits: [0x0000020e9ead0000, 0x0000020ea0ad0000)
 Next Bits: [0x0000020ea0ad0000, 0x0000020ea2ad0000)

Polling page: 0x0000020e84f80000

Metaspace:

Usage:
  Non-class:     11.39 MB used.
      Class:      1.80 MB used.
       Both:     13.19 MB used.

Virtual space:
  Non-class space:       16.00 MB reserved,      11.50 MB ( 72%) committed,  2 nodes.
      Class space:        1.00 GB reserved,       1.94 MB ( <1%) committed,  1 nodes.
             Both:        1.02 GB reserved,      13.44 MB (  1%) committed. 

Chunk freelists:
   Non-Class:  320.00 KB
       Class:  2.08 MB
        Both:  2.39 MB

MaxMetaspaceSize: unlimited
CompressedClassSpaceSize: 1.00 GB
Initial GC threshold: 21.00 MB
Current GC threshold: 21.00 MB
CDS: on
MetaspaceReclaimPolicy: balanced
 - commit_granule_bytes: 65536.
 - commit_granule_words: 8192.
 - virtual_space_node_default_size: 1048576.
 - enlarge_chunks_in_place: 1.
 - new_chunks_are_fully_committed: 0.
 - uncommit_free_chunks: 1.
 - use_allocation_guard: 0.
 - handle_deallocations: 1.


Internal statistics:

num_allocs_failed_limit: 0.
num_arena_births: 198.
num_arena_deaths: 0.
num_vsnodes_births: 3.
num_vsnodes_deaths: 0.
num_space_committed: 215.
num_space_uncommitted: 0.
num_chunks_returned_to_freelist: 0.
num_chunks_taken_from_freelist: 616.
num_chunk_merges: 0.
num_chunk_splits: 402.
num_chunks_enlarged: 289.
num_purges: 0.
num_inconsistent_stats: 0.

CodeHeap 'non-profiled nmethods': size=120000Kb used=1163Kb max_used=1163Kb free=118837Kb
 bounds [0x0000020e96340000, 0x0000020e965b0000, 0x0000020e9d870000]
CodeHeap 'profiled nmethods': size=120000Kb used=4507Kb max_used=4507Kb free=115493Kb
 bounds [0x0000020e8ee10000, 0x0000020e8f280000, 0x0000020e96340000]
CodeHeap 'non-nmethods': size=5760Kb used=1206Kb max_used=1220Kb free=4553Kb
 bounds [0x0000020e8e870000, 0x0000020e8eae0000, 0x0000020e8ee10000]
 total_blobs=2773 nmethods=2261 adapters=424
 compilation: enabled
              stopped_count=0, restarted_count=0
 full_count=0

Compilation events (20 events):
Event: 9.534 Thread 0x0000020ea587af30 2251       3       java.util.Collections::singletonIterator (9 bytes)
Event: 9.534 Thread 0x0000020ea587af30 nmethod 2251 0x0000020e8f26bd90 code [0x0000020e8f26bf40, 0x0000020e8f26c1b8]
Event: 9.534 Thread 0x0000020ea587af30 2250       3       java.lang.Class$Atomic::casAnnotationData (13 bytes)
Event: 9.535 Thread 0x0000020ea587af30 nmethod 2250 0x0000020e8f26c290 code [0x0000020e8f26c420, 0x0000020e8f26c578]
Event: 10.335 Thread 0x0000020ea587af30 2253       3       java.util.concurrent.ConcurrentLinkedQueue::poll (84 bytes)
Event: 12.539 Thread 0x0000020ea587af30 nmethod 2253 0x0000020e8f26c610 code [0x0000020e8f26c860, 0x0000020e8f26d468]
Event: 12.540 Thread 0x0000020ea587af30 2258       3       java.util.concurrent.locks.AbstractQueuedSynchronizer$ConditionObject::unlinkCancelledWaiters (91 bytes)
Event: 12.540 Thread 0x0000020ea587af30 nmethod 2258 0x0000020e8f26d790 code [0x0000020e8f26d960, 0x0000020e8f26de18]
Event: 12.540 Thread 0x0000020ea587af30 2255       3       java.util.concurrent.locks.AbstractQueuedSynchronizer$Node::setStatusRelaxed (12 bytes)
Event: 12.540 Thread 0x0000020ea587af30 nmethod 2255 0x0000020e8f26df90 code [0x0000020e8f26e120, 0x0000020e8f26e238]
Event: 12.540 Thread 0x0000020ea587af30 2256       3       java.util.concurrent.locks.AbstractQueuedSynchronizer$Node::clearStatus (12 bytes)
Event: 12.540 Thread 0x0000020ea587af30 nmethod 2256 0x0000020e8f26e310 code [0x0000020e8f26e4c0, 0x0000020e8f26e668]
Event: 12.540 Thread 0x0000020ea587af30 2257   !   3       java.util.concurrent.locks.AbstractQueuedSynchronizer::acquire (407 bytes)
Event: 12.543 Thread 0x0000020ea587af30 nmethod 2257 0x0000020e8f26e710 code [0x0000020e8f26eaa0, 0x0000020e8f2704b8]
Event: 12.543 Thread 0x0000020ea587af30 2259       1       javax.management.ObjectName$Property::setKeyIndex (6 bytes)
Event: 12.543 Thread 0x0000020ea587af30 nmethod 2259 0x0000020e96462310 code [0x0000020e964624a0, 0x0000020e96462578]
Event: 12.543 Thread 0x0000020ea587af30 2261       1       sun.management.MemoryPoolImpl::getName (5 bytes)
Event: 12.543 Thread 0x0000020ea587af30 nmethod 2261 0x0000020e96462610 code [0x0000020e964627a0, 0x0000020e96462878]
Event: 12.543 Thread 0x0000020ea587af30 2260       1       java.util.Spliterators$EmptySpliterator::characteristics (4 bytes)
Event: 12.544 Thread 0x0000020ea587af30 nmethod 2260 0x0000020e96462910 code [0x0000020e96462aa0, 0x0000020e96462b78]

GC Heap History (6 events):
Event: 0.910 GC heap before
{Heap before GC invocations=0 (full 0):
 garbage-first heap   total 256000K, used 22528K [0x0000000080000000, 0x0000000100000000)
  region size 1024K, 23 young (23552K), 0 survivors (0K)
 Metaspace       used 1079K, committed 1216K, reserved 1056768K
  class space    used 72K, committed 128K, reserved 1048576K
}
Event: 0.913 GC heap after
{Heap after GC invocations=1 (full 0):
 garbage-first heap   total 256000K, used 4243K [0x0000000080000000, 0x0000000100000000)
  region size 1024K, 3 young (3072K), 3 survivors (3072K)
 Metaspace       used 1079K, committed 1216K, reserved 1056768K
  class space    used 72K, committed 128K, reserved 1048576K
}
Event: 2.203 GC heap before
{Heap before GC invocations=1 (full 0):
 garbage-first heap   total 256000K, used 40083K [0x0000000080000000, 0x0000000100000000)
  region size 1024K, 35 young (35840K), 3 survivors (3072K)
 Metaspace       used 4288K, committed 4480K, reserved 1056768K
  class space    used 534K, committed 640K, reserved 1048576K
}
Event: 2.208 GC heap after
{Heap after GC invocations=2 (full 0):
 garbage-first heap   total 256000K, used 11787K [0x0000000080000000, 0x0000000100000000)
  region size 1024K, 4 young (4096K), 4 survivors (4096K)
 Metaspace       used 4288K, committed 4480K, reserved 1056768K
  class space    used 534K, committed 640K, reserved 1048576K
}
Event: 3.832 GC heap before
{Heap before GC invocations=2 (full 0):
 garbage-first heap   total 256000K, used 59915K [0x0000000080000000, 0x0000000100000000)
  region size 1024K, 50 young (51200K), 4 survivors (4096K)
 Metaspace       used 4376K, committed 4544K, reserved 1056768K
  class space    used 535K, committed 640K, reserved 1048576K
}
Event: 3.836 GC heap after
{Heap after GC invocations=3 (full 0):
 garbage-first heap   total 256000K, used 17074K [0x0000000080000000, 0x0000000100000000)
  region size 1024K, 7 young (7168K), 7 survivors (7168K)
 Metaspace       used 4376K, committed 4544K, reserved 1056768K
  class space    used 535K, committed 640K, reserved 1048576K
}

Deoptimization events (20 events):
Event: 4.960 Thread 0x0000020ea8083f50 DEOPT PACKING pc=0x0000020e8f1d9c6a sp=0x000000c2396fd7b0
Event: 4.960 Thread 0x0000020ea8083f50 DEOPT UNPACKING pc=0x0000020e8e8c2b43 sp=0x000000c2396fccc0 mode 0
Event: 4.961 Thread 0x0000020ea8083f50 DEOPT PACKING pc=0x0000020e8f1d9c6a sp=0x000000c2396fd6e0
Event: 4.961 Thread 0x0000020ea8083f50 DEOPT UNPACKING pc=0x0000020e8e8c2b43 sp=0x000000c2396fcbf0 mode 0
Event: 5.092 Thread 0x0000020ea8083f50 Uncommon trap: trap_request=0xffffff45 fr.pc=0x0000020e96413804 relative=0x00000000000011e4
Event: 5.092 Thread 0x0000020ea8083f50 Uncommon trap: reason=unstable_if action=reinterpret pc=0x0000020e96413804 method=java.util.concurrent.ConcurrentHashMap.putVal(Ljava/lang/Object;Ljava/lang/Object;Z)Ljava/lang/Object; @ 231 c2
Event: 5.092 Thread 0x0000020ea8083f50 DEOPT PACKING pc=0x0000020e96413804 sp=0x000000c2396fe3d0
Event: 5.092 Thread 0x0000020ea8083f50 DEOPT UNPACKING pc=0x0000020e8e8c23a3 sp=0x000000c2396fe340 mode 2
Event: 5.329 Thread 0x0000020ea7ec6cb0 Uncommon trap: trap_request=0xffffff45 fr.pc=0x0000020e963ecb14 relative=0x00000000000003d4
Event: 5.329 Thread 0x0000020ea7ec6cb0 Uncommon trap: reason=unstable_if action=reinterpret pc=0x0000020e963ecb14 method=java.util.HashMap.getNode(Ljava/lang/Object;)Ljava/util/HashMap$Node; @ 66 c2
Event: 5.329 Thread 0x0000020ea7ec6cb0 DEOPT PACKING pc=0x0000020e963ecb14 sp=0x000000c2398fbfb0
Event: 5.329 Thread 0x0000020ea7ec6cb0 DEOPT UNPACKING pc=0x0000020e8e8c23a3 sp=0x000000c2398fbed0 mode 2
Event: 5.329 Thread 0x0000020ea7ec6cb0 Uncommon trap: trap_request=0xffffff45 fr.pc=0x0000020e96383f74 relative=0x00000000000003b4
Event: 5.329 Thread 0x0000020ea7ec6cb0 Uncommon trap: reason=unstable_if action=reinterpret pc=0x0000020e96383f74 method=java.util.HashMap.getNode(Ljava/lang/Object;)Ljava/util/HashMap$Node; @ 66 c2
Event: 5.329 Thread 0x0000020ea7ec6cb0 DEOPT PACKING pc=0x0000020e96383f74 sp=0x000000c2398fbf40
Event: 5.329 Thread 0x0000020ea7ec6cb0 DEOPT UNPACKING pc=0x0000020e8e8c23a3 sp=0x000000c2398fbed0 mode 2
Event: 5.339 Thread 0x0000020ea7ec6cb0 Uncommon trap: trap_request=0xffffff45 fr.pc=0x0000020e963e572c relative=0x000000000000028c
Event: 5.339 Thread 0x0000020ea7ec6cb0 Uncommon trap: reason=unstable_if action=reinterpret pc=0x0000020e963e572c method=java.util.concurrent.ConcurrentHashMap.get(Ljava/lang/Object;)Ljava/lang/Object; @ 152 c2
Event: 5.339 Thread 0x0000020ea7ec6cb0 DEOPT PACKING pc=0x0000020e963e572c sp=0x000000c2398fb4b0
Event: 5.339 Thread 0x0000020ea7ec6cb0 DEOPT UNPACKING pc=0x0000020e8e8c23a3 sp=0x000000c2398fb428 mode 2

Classes unloaded (0 events):
No events

Classes redefined (0 events):
No events

Internal exceptions (20 events):
Event: 4.580 Thread 0x0000020e87080270 Exception <a 'java/lang/NoSuchMethodError'{0x000000008e405440}: 'java.lang.Object java.lang.invoke.DirectMethodHandle$Holder.invokeStaticInit(java.lang.Object, java.lang.Object, int, int, int, int)'> (0x000000008e405440) 
thrown [t:\workspace\open\src\hotspot\share\interpreter\linkResolver.cpp, line 766]
Event: 4.759 Thread 0x0000020e87080270 Exception <a 'java/lang/NoSuchMethodError'{0x000000008e39f018}: 'void java.lang.invoke.DirectMethodHandle$Holder.invokeStatic(java.lang.Object, java.lang.Object, java.lang.Object)'> (0x000000008e39f018) 
thrown [t:\workspace\open\src\hotspot\share\interpreter\linkResolver.cpp, line 766]
Event: 4.828 Thread 0x0000020e87080270 Exception <a 'java/io/IOException'{0x000000008e2c0f00}> (0x000000008e2c0f00) 
thrown [t:\workspace\open\src\hotspot\share\prims\jni.cpp, line 516]
Event: 4.833 Thread 0x0000020e87080270 Implicit null exception at 0x0000020e9639ad72 to 0x0000020e9639b344
Event: 5.107 Thread 0x0000020ea8083f50 Exception <a 'java/lang/NoSuchMethodError'{0x000000008dddad60}: static Lorg/gradle/tooling/internal/provider/serialization/ClassLoaderDetails;.<clinit>()V> (0x000000008dddad60) 
thrown [t:\workspace\open\src\hotspot\share\prims\jni.cpp, line 1107]
Event: 5.111 Thread 0x0000020ea8083f50 Exception <a 'java/lang/NoSuchMethodError'{0x000000008ddf4cc0}: static Lorg/gradle/internal/classloader/ClassLoaderSpec;.<clinit>()V> (0x000000008ddf4cc0) 
thrown [t:\workspace\open\src\hotspot\share\prims\jni.cpp, line 1107]
Event: 5.116 Thread 0x0000020ea8083f50 Exception <a 'java/lang/NoSuchMethodError'{0x000000008ddfe340}: static Lorg/gradle/tooling/internal/provider/serialization/WellKnownClassLoaderRegistry$KnownClassLoaderSpec;.<clinit>()V> (0x000000008ddfe340) 
thrown [t:\workspace\open\src\hotspot\share\prims\jni.cpp, line 1107]
Event: 5.117 Thread 0x0000020ea8083f50 Exception <a 'java/lang/NoSuchMethodError'{0x000000008dc155c8}: static Lorg/gradle/tooling/internal/provider/serialization/ClientOwnedClassLoaderSpec;.<clinit>()V> (0x000000008dc155c8) 
thrown [t:\workspace\open\src\hotspot\share\prims\jni.cpp, line 1107]
Event: 5.138 Thread 0x0000020ea80cd1a0 Exception <a 'java/lang/NoSuchMethodError'{0x000000008dff6be8}: 'void java.lang.invoke.DirectMethodHandle$Holder.invokeSpecial(java.lang.Object, java.lang.Object, java.lang.Object)'> (0x000000008dff6be8) 
thrown [t:\workspace\open\src\hotspot\share\interpreter\linkResolver.cpp, line 766]
Event: 5.234 Thread 0x0000020ea7ec6cb0 Exception <a 'java/lang/NoSuchMethodError'{0x000000008d855448}: 'long java.lang.invoke.DirectMethodHandle$Holder.invokeInterface(java.lang.Object, java.lang.Object)'> (0x000000008d855448) 
thrown [t:\workspace\open\src\hotspot\share\interpreter\linkResolver.cpp, line 766]
Event: 5.299 Thread 0x0000020ea7ec6cb0 Exception <a 'java/lang/NoSuchMethodError'{0x000000008d4c8ba8}: 'void java.lang.invoke.DirectMethodHandle$Holder.invokeStatic(java.lang.Object, java.lang.Object)'> (0x000000008d4c8ba8) 
thrown [t:\workspace\open\src\hotspot\share\interpreter\linkResolver.cpp, line 766]
Event: 5.334 Thread 0x0000020ea7ec6cb0 Exception <a 'java/lang/NoSuchMethodError'{0x000000008d29ca80}: 'java.lang.Object java.lang.invoke.DirectMethodHandle$Holder.newInvokeSpecial(java.lang.Object, java.lang.Object, java.lang.Object, java.lang.Object, java.lang.Object)'> (0x000000008d29ca80) 
thrown [t:\workspace\open\src\hotspot\share\interpreter\linkResolver.cpp, line 766]
Event: 5.351 Thread 0x0000020ea7ec6cb0 Exception <a 'java/lang/NoSuchMethodError'{0x000000008d2f80c8}: 'int java.lang.invoke.DirectMethodHandle$Holder.invokeVirtual(java.lang.Object, java.lang.Object, java.lang.Object)'> (0x000000008d2f80c8) 
thrown [t:\workspace\open\src\hotspot\share\interpreter\linkResolver.cpp, line 766]
Event: 6.419 Thread 0x0000020ea7ec6cb0 Exception <a 'java/lang/NoSuchMethodError'{0x000000008cf8b5a8}: 'java.lang.Object java.lang.invoke.DirectMethodHandle$Holder.newInvokeSpecial(java.lang.Object, java.lang.Object, java.lang.Object, java.lang.Object, java.lang.Object, java.lang.Object)'> (0x000000008cf8b5a8) 
thrown [t:\workspace\open\src\hotspot\share\interpreter\linkResolver.cpp, line 766]
Event: 6.421 Thread 0x0000020ea7ec6cb0 Exception <a 'java/lang/NoSuchMethodError'{0x000000008cfa3b80}: 'void java.lang.invoke.DirectMethodHandle$Holder.invokeSpecial(java.lang.Object, java.lang.Object, java.lang.Object, java.lang.Object, java.lang.Object)'> (0x000000008cfa3b80) 
thrown [t:\workspace\open\src\hotspot\share\interpreter\linkResolver.cpp, line 766]
Event: 6.423 Thread 0x0000020ea7ec6cb0 Exception <a 'java/lang/NoSuchMethodError'{0x000000008cfb7668}: 'void java.lang.invoke.DirectMethodHandle$Holder.invokeStaticInit(java.lang.Object, java.lang.Object)'> (0x000000008cfb7668) 
thrown [t:\workspace\open\src\hotspot\share\interpreter\linkResolver.cpp, line 766]
Event: 6.485 Thread 0x0000020ea7ec6cb0 Exception <a 'java/lang/NoSuchMethodError'{0x000000008cc911d8}: 'void java.lang.invoke.DelegatingMethodHandle$Holder.reinvoke_L(java.lang.Object, java.lang.Object, java.lang.Object, java.lang.Object, java.lang.Object, java.lang.Object, java.lang.Object, java.lang.Object, java.lang.Object, java.lang.Object)'> (0x000000008cc911d8) 
thrown [t:\workspace\open\src\hotspot\share\interpreter\linkResolver.cpp, line 766]
Event: 6.485 Thread 0x0000020ea7ec6cb0 Exception <a 'java/lang/NoSuchMethodError'{0x000000008cc99648}: 'java.lang.Object java.lang.invoke.DirectMethodHandle$Holder.invokeSpecial(java.lang.Object, java.lang.Object, java.lang.Object, java.lang.Object, java.lang.Object, java.lang.Object, java.lang.Object, java.lang.Object, java.lang.Object, java.lang.Object)'> (0x000000008cc99648) 
thrown [t:\workspace\open\src\hotspot\share\interpreter\linkResolver.cpp, line 766]
Event: 6.485 Thread 0x0000020ea7ec6cb0 Exception <a 'java/lang/NoSuchMethodError'{0x000000008cc9df18}: 'java.lang.Object java.lang.invoke.Invokers$Holder.invoker(java.lang.Object, java.lang.Object, java.lang.Object, java.lang.Object, java.lang.Object, java.lang.Object, java.lang.Object, java.lang.Object, java.lang.Object, java.lang.Object)'> (0x000000008cc9df18) 
thrown [t:\workspace\open\src\hotspot\share\interpreter\linkResolver.cpp, line 766]
Event: 6.485 Thread 0x0000020ea7ec6cb0 Exception <a 'java/lang/NoSuchMethodError'{0x000000008cca3b20}: 'java.lang.Object java.lang.invoke.DirectMethodHandle$Holder.invokeSpecial(java.lang.Object, java.lang.Object, java.lang.Object, java.lang.Object, java.lang.Object, java.lang.Object, java.lang.Object, java.lang.Object, java.lang.Object, java.lang.Object, java.lang.Object)'> (0x000000008cca3b20) 
thrown [t:\workspace\open\src\hotspot\share\interpreter\linkResolver.cpp, line 766]

VM Operations (20 events):
Event: 4.411 Executing VM operation: HandshakeAllThreads
Event: 4.411 Executing VM operation: HandshakeAllThreads done
Event: 4.482 Executing VM operation: HandshakeAllThreads
Event: 4.482 Executing VM operation: HandshakeAllThreads done
Event: 4.573 Executing VM operation: HandshakeAllThreads
Event: 4.573 Executing VM operation: HandshakeAllThreads done
Event: 4.757 Executing VM operation: HandshakeAllThreads
Event: 4.757 Executing VM operation: HandshakeAllThreads done
Event: 5.357 Executing VM operation: ICBufferFull
Event: 5.357 Executing VM operation: ICBufferFull done
Event: 6.358 Executing VM operation: Cleanup
Event: 6.393 Executing VM operation: Cleanup done
Event: 6.471 Executing VM operation: HandshakeAllThreads
Event: 6.471 Executing VM operation: HandshakeAllThreads done
Event: 7.471 Executing VM operation: Cleanup
Event: 7.506 Executing VM operation: Cleanup done
Event: 10.507 Executing VM operation: Cleanup
Event: 10.507 Executing VM operation: Cleanup done
Event: 13.508 Executing VM operation: Cleanup
Event: 13.508 Executing VM operation: Cleanup done

Events (20 events):
Event: 5.342 loading class java/util/stream/MatchOps$MatchOp
Event: 5.342 loading class java/util/stream/MatchOps$MatchOp done
Event: 5.342 loading class java/util/stream/MatchOps$BooleanTerminalSink
Event: 5.342 loading class java/util/stream/MatchOps$BooleanTerminalSink done
Event: 5.343 loading class java/util/stream/MatchOps$1MatchSink
Event: 5.343 loading class java/util/stream/MatchOps$1MatchSink done
Event: 5.367 loading class java/lang/TypeNotPresentException
Event: 5.367 loading class java/lang/TypeNotPresentException done
Event: 6.387 loading class java/lang/management/MemoryType
Event: 6.388 loading class java/lang/management/MemoryType done
Event: 6.388 loading class java/lang/management/MemoryUsage
Event: 6.388 loading class java/lang/management/MemoryUsage done
Event: 6.388 loading class java/util/concurrent/LinkedBlockingDeque$Node
Event: 6.388 loading class java/util/concurrent/LinkedBlockingDeque$Node done
Event: 6.392 loading class java/lang/invoke/MethodHandle$1
Event: 6.412 loading class java/lang/invoke/MethodHandle$1 done
Event: 6.435 loading class java/util/ConcurrentModificationException
Event: 6.438 loading class java/util/ConcurrentModificationException done
Event: 6.472 loading class sun/reflect/generics/scope/ConstructorScope
Event: 6.472 loading class sun/reflect/generics/scope/ConstructorScope done


Dynamic libraries:
0x00007ff70de40000 - 0x00007ff70de4e000 	C:\Program Files\Java\jdk-17\bin\java.exe
0x00007ffdfd400000 - 0x00007ffdfd668000 	C:\WINDOWS\SYSTEM32\ntdll.dll
0x00007ffdfbc60000 - 0x00007ffdfbd29000 	C:\WINDOWS\System32\KERNEL32.DLL
0x00007ffdfabb0000 - 0x00007ffdfafa2000 	C:\WINDOWS\System32\KERNELBASE.dll
0x00007ffdfa840000 - 0x00007ffdfa98b000 	C:\WINDOWS\System32\ucrtbase.dll
0x00007ffdc46e0000 - 0x00007ffdc46fa000 	C:\Program Files\Java\jdk-17\bin\VCRUNTIME140.dll
0x00007ffdc2800000 - 0x00007ffdc2818000 	C:\Program Files\Java\jdk-17\bin\jli.dll
0x00007ffdfcdc0000 - 0x00007ffdfcf85000 	C:\WINDOWS\System32\USER32.dll
0x00007ffdfafb0000 - 0x00007ffdfafd7000 	C:\WINDOWS\System32\win32u.dll
0x00007ffdfd010000 - 0x00007ffdfd03b000 	C:\WINDOWS\System32\GDI32.dll
0x00007ffdd3230000 - 0x00007ffdd34c3000 	C:\WINDOWS\WinSxS\amd64_microsoft.windows.common-controls_6595b64144ccf1df_6.0.26100.6725_none_3e085828e334708b\COMCTL32.dll
0x00007ffdfafe0000 - 0x00007ffdfb10d000 	C:\WINDOWS\System32\gdi32full.dll
0x00007ffdfcd10000 - 0x00007ffdfcdb9000 	C:\WINDOWS\System32\msvcrt.dll
0x00007ffdfa590000 - 0x00007ffdfa633000 	C:\WINDOWS\System32\msvcp_win.dll
0x00007ffdfbfd0000 - 0x00007ffdfbfff000 	C:\WINDOWS\System32\IMM32.DLL
0x00007ffdeaee0000 - 0x00007ffdeaeec000 	C:\Program Files\Java\jdk-17\bin\vcruntime140_1.dll
0x00007ffdb0ee0000 - 0x00007ffdb0f6d000 	C:\Program Files\Java\jdk-17\bin\msvcp140.dll
0x00007ffd474d0000 - 0x00007ffd4808e000 	C:\Program Files\Java\jdk-17\bin\server\jvm.dll
0x00007ffdfbd30000 - 0x00007ffdfbde4000 	C:\WINDOWS\System32\ADVAPI32.dll
0x00007ffdfb2f0000 - 0x00007ffdfb396000 	C:\WINDOWS\System32\sechost.dll
0x00007ffdfb1d0000 - 0x00007ffdfb2e8000 	C:\WINDOWS\System32\RPCRT4.dll
0x00007ffdfb3a0000 - 0x00007ffdfb3a8000 	C:\WINDOWS\System32\PSAPI.DLL
0x00007ffde7560000 - 0x00007ffde756b000 	C:\WINDOWS\SYSTEM32\VERSION.dll
0x00007ffdce080000 - 0x00007ffdce08a000 	C:\WINDOWS\SYSTEM32\WSOCK32.dll
0x00007ffdfcf90000 - 0x00007ffdfd004000 	C:\WINDOWS\System32\WS2_32.dll
0x00007ffdf6f70000 - 0x00007ffdf6fa5000 	C:\WINDOWS\SYSTEM32\WINMM.dll
0x00007ffdf9320000 - 0x00007ffdf933b000 	C:\WINDOWS\SYSTEM32\kernel.appcore.dll
0x00007ffdeae80000 - 0x00007ffdeae8a000 	C:\Program Files\Java\jdk-17\bin\jimage.dll
0x00007ffdf7c00000 - 0x00007ffdf7e42000 	C:\WINDOWS\SYSTEM32\DBGHELP.DLL
0x00007ffdfd040000 - 0x00007ffdfd3bb000 	C:\WINDOWS\System32\combase.dll
0x00007ffdfb6c0000 - 0x00007ffdfb797000 	C:\WINDOWS\System32\OLEAUT32.dll
0x00007ffdd0780000 - 0x00007ffdd07bc000 	C:\WINDOWS\SYSTEM32\dbgcore.DLL
0x00007ffdfa990000 - 0x00007ffdfaa28000 	C:\WINDOWS\System32\bcryptPrimitives.dll
0x00007ffdcc980000 - 0x00007ffdcc98e000 	C:\Program Files\Java\jdk-17\bin\instrument.dll
0x00007ffdc0790000 - 0x00007ffdc07b5000 	C:\Program Files\Java\jdk-17\bin\java.dll
0x00007ffd883d0000 - 0x00007ffd884a6000 	C:\Program Files\Java\jdk-17\bin\svml.dll
0x00007ffdfc110000 - 0x00007ffdfc85c000 	C:\WINDOWS\System32\SHELL32.dll
0x00007ffdfa640000 - 0x00007ffdfa7ab000 	C:\WINDOWS\System32\wintypes.dll
0x00007ffdf81a0000 - 0x00007ffdf89fd000 	C:\WINDOWS\SYSTEM32\windows.storage.dll
0x00007ffdfc010000 - 0x00007ffdfc102000 	C:\WINDOWS\System32\SHCORE.dll
0x00007ffdfbba0000 - 0x00007ffdfbc02000 	C:\WINDOWS\System32\shlwapi.dll
0x00007ffdfa4b0000 - 0x00007ffdfa4d9000 	C:\WINDOWS\SYSTEM32\profapi.dll
0x00007ffdc27e0000 - 0x00007ffdc27f8000 	C:\Program Files\Java\jdk-17\bin\zip.dll
0x00007ffdbed20000 - 0x00007ffdbed39000 	C:\Program Files\Java\jdk-17\bin\net.dll
0x00007ffdf03b0000 - 0x00007ffdf04cf000 	C:\WINDOWS\SYSTEM32\WINHTTP.dll
0x00007ffdf9870000 - 0x00007ffdf98db000 	C:\WINDOWS\system32\mswsock.dll
0x00007ffdba5c0000 - 0x00007ffdba5d5000 	C:\Program Files\Java\jdk-17\bin\nio.dll
0x00007ffdc0cf0000 - 0x00007ffdc0d00000 	C:\Program Files\Java\jdk-17\bin\verify.dll
0x00007ffdc0250000 - 0x00007ffdc0277000 	C:\Users\Larina Yu\.gradle\native\c067742578af261105cb4f569cf0c3c89f3d7b1fecec35dd04571415982c5e48\windows-amd64\native-platform.dll
0x00007ffd7bd10000 - 0x00007ffd7be54000 	C:\Users\Larina Yu\.gradle\native\100fb08df4bc3b14c8652ba06237920a3bd2aa13389f12d3474272988ae205f9\windows-amd64\native-platform-file-events.dll
0x00007ffdc0c70000 - 0x00007ffdc0c79000 	C:\Program Files\Java\jdk-17\bin\management.dll
0x00007ffdc0720000 - 0x00007ffdc072b000 	C:\Program Files\Java\jdk-17\bin\management_ext.dll
0x00007ffdf9c50000 - 0x00007ffdf9c6b000 	C:\WINDOWS\SYSTEM32\CRYPTSP.dll
0x00007ffdf9280000 - 0x00007ffdf92bb000 	C:\WINDOWS\system32\rsaenh.dll
0x00007ffdf9910000 - 0x00007ffdf993b000 	C:\WINDOWS\SYSTEM32\USERENV.dll
0x00007ffdfa480000 - 0x00007ffdfa4a6000 	C:\WINDOWS\SYSTEM32\bcrypt.dll
0x00007ffdf9ab0000 - 0x00007ffdf9abc000 	C:\WINDOWS\SYSTEM32\CRYPTBASE.dll
0x00007ffdf8ce0000 - 0x00007ffdf8d14000 	C:\WINDOWS\SYSTEM32\IPHLPAPI.DLL
0x00007ffdfbb40000 - 0x00007ffdfbb4a000 	C:\WINDOWS\System32\NSI.dll
0x00007ffdf0d40000 - 0x00007ffdf0d5e000 	C:\WINDOWS\SYSTEM32\dhcpcsvc6.DLL
0x00007ffdf0580000 - 0x00007ffdf05a3000 	C:\WINDOWS\SYSTEM32\dhcpcsvc.DLL
0x00007ffdf8d20000 - 0x00007ffdf8e46000 	C:\WINDOWS\SYSTEM32\DNSAPI.dll
0x00007ffdc0580000 - 0x00007ffdc058e000 	C:\Program Files\Java\jdk-17\bin\sunmscapi.dll
0x00007ffdfaa30000 - 0x00007ffdfaba7000 	C:\WINDOWS\System32\CRYPT32.dll
0x00007ffdf9da0000 - 0x00007ffdf9dd0000 	C:\WINDOWS\SYSTEM32\ncrypt.dll
0x00007ffdf9d50000 - 0x00007ffdf9d8f000 	C:\WINDOWS\SYSTEM32\NTASN1.dll
0x00007ffde6080000 - 0x00007ffde6088000 	C:\WINDOWS\system32\wshunix.dll

dbghelp: loaded successfully - version: 4.0.5 - missing functions: none
symbol engine: initialized successfully - sym options: 0x614 - pdb path: .;C:\Program Files\Java\jdk-17\bin;C:\WINDOWS\SYSTEM32;C:\WINDOWS\WinSxS\amd64_microsoft.windows.common-controls_6595b64144ccf1df_6.0.26100.6725_none_3e085828e334708b;C:\Program Files\Java\jdk-17\bin\server;C:\Users\Larina Yu\.gradle\native\c067742578af261105cb4f569cf0c3c89f3d7b1fecec35dd04571415982c5e48\windows-amd64;C:\Users\Larina Yu\.gradle\native\100fb08df4bc3b14c8652ba06237920a3bd2aa13389f12d3474272988ae205f9\windows-amd64

VM Arguments:
jvm_args: --add-opens=java.base/java.util=ALL-UNNAMED --add-opens=java.base/java.lang=ALL-UNNAMED --add-opens=java.base/java.lang.invoke=ALL-UNNAMED --add-opens=java.prefs/java.util.prefs=ALL-UNNAMED --add-exports=jdk.compiler/com.sun.tools.javac.api=ALL-UNNAMED --add-exports=jdk.compiler/com.sun.tools.javac.util=ALL-UNNAMED --add-opens=java.base/java.nio.charset=ALL-UNNAMED --add-opens=java.base/java.net=ALL-UNNAMED --add-opens=java.base/java.util.concurrent.atomic=ALL-UNNAMED -Xmx2048m -Dfile.encoding=UTF-8 -Duser.country=IE -Duser.language=en -Duser.variant -javaagent:C:\Users\Larina Yu\.gradle\wrapper\dists\gradle-8.9-bin\90cnw93cvbtalezasaz0blq0a\gradle-8.9\lib\agents\gradle-instrumentation-agent-8.9.jar 
java_command: org.gradle.launcher.daemon.bootstrap.GradleDaemon 8.9
java_class_path (initial): C:\Users\Larina Yu\.gradle\wrapper\dists\gradle-8.9-bin\90cnw93cvbtalezasaz0blq0a\gradle-8.9\lib\gradle-daemon-main-8.9.jar
Launcher Type: SUN_STANDARD

[Global flags]
     intx CICompilerCount                          = 4                                         {product} {ergonomic}
     uint ConcGCThreads                            = 3                                         {product} {ergonomic}
     uint G1ConcRefinementThreads                  = 11                                        {product} {ergonomic}
   size_t G1HeapRegionSize                         = 1048576                                   {product} {ergonomic}
    uintx GCDrainStackTargetSize                   = 64                                        {product} {ergonomic}
   size_t InitialHeapSize                          = 262144000                                 {product} {ergonomic}
   size_t MarkStackSize                            = 4194304                                   {product} {ergonomic}
   size_t MaxHeapSize                              = 2147483648                                {product} {command line}
   size_t MaxNewSize                               = 1287651328                                {product} {ergonomic}
   size_t MinHeapDeltaBytes                        = 1048576                                   {product} {ergonomic}
   size_t MinHeapSize                              = 8388608                                   {product} {ergonomic}
    uintx NonNMethodCodeHeapSize                   = 5839372                                {pd product} {ergonomic}
    uintx NonProfiledCodeHeapSize                  = 122909434                              {pd product} {ergonomic}
    uintx ProfiledCodeHeapSize                     = 122909434                              {pd product} {ergonomic}
    uintx ReservedCodeCacheSize                    = 251658240                              {pd product} {ergonomic}
     bool SegmentedCodeCache                       = true                                      {product} {ergonomic}
   size_t SoftMaxHeapSize                          = 2147483648                             {manageable} {ergonomic}
     bool UseCompressedClassPointers               = true                           {product lp64_product} {ergonomic}
     bool UseCompressedOops                        = true                           {product lp64_product} {ergonomic}
     bool UseG1GC                                  = true                                      {product} {ergonomic}
     bool UseLargePagesIndividualAllocation        = false                                  {pd product} {ergonomic}

Logging:
Log output configuration:
 #0: stdout all=warning uptime,level,tags
 #1: stderr all=off uptime,level,tags

Environment Variables:
JAVA_HOME=C:\Program Files\Java\jdk-1.8
PATH=C:\Program Files\jdk-1.8\bin;C:\WINDOWS\system32;C:\WINDOWS;C:\WINDOWS\System32\Wbem;C:\WINDOWS\System32\WindowsPowerShell\v1.0\;C:\WINDOWS\System32\OpenSSH\;C:\Program Files\Docker\Docker\resources\bin;C:\Program Files\Java\jdk-1.8\bin;C:\Program Files\gradle-8.11.1\bin;C:\Program Files\Git\cmd;C:\Users\Larina Yu\AppData\Local\Programs\Python\Python312\Scripts\;C:\Users\Larina Yu\AppData\Local\Programs\Python\Python312\;C:\Users\Larina Yu\AppData\Local\Programs\Python\Launcher\;C:\Users\Larina Yu\AppData\Local\Programs\Microsoft VS Code\bin;C:\Users\Larina Yu\AppData\Local\Microsoft\WindowsApps;C:\Users\Larina Yu\.vscode\bin;
USERNAME=Larina Yu
OS=Windows_NT
PROCESSOR_IDENTIFIER=Intel64 Family 6 Model 170 Stepping 4, GenuineIntel



---------------  S Y S T E M  ---------------

OS:
 Windows 10 , 64 bit Build 26100 (10.0.26100.6725)
OS uptime: 24 days 4:43 hours
Hyper-V role detected

CPU: total 14 (initial active 14) (7 cores per cpu, 2 threads per core) family 6 model 170 stepping 4 microcode 0x1f, cx8, cmov, fxsr, ht, mmx, 3dnowpref, sse, sse2, sse3, ssse3, sse4.1, sse4.2, popcnt, lzcnt, tsc, tscinvbit, avx, avx2, aes, erms, clmul, bmi1, bmi2, adx, sha, fma, vzeroupper, clflush, clflushopt, clwb, hv

Memory: 4k page, system-wide physical 15883M (981M free)
TotalPageFile size 50670M (AvailPageFile size 10M)
current process WorkingSet (physical memory assigned to process): 154M, peak: 154M
current process commit charge ("private bytes"): 393M, peak: 395M

vm_info: OpenJDK 64-Bit Server VM (17+35-2724) for windows-amd64 JRE (17+35-2724), built on Aug  5 2021 23:26:02 by "mach5one" with MS VC++ 16.8 (VS2019)

END.
